// Jest Snapshot v1, https://goo.gl/fbAQLP

exports[`LiquidSection snapshots 1`] = `
<div
  className="FormSection__StFormSection-sc-4jzlq-0 ccofqN"
>
  <span
    className="FormSection__StCircleIcon-sc-4jzlq-2 fppCCB"
  >
    <span>
      2
    </span>
  </span>
  <fieldset
    className="FormSection__StFieldSet-sc-4jzlq-3 flTkdv"
  >
    <legend
      className="FormSection__StLegend-sc-4jzlq-1 fvKqdS"
    >
      Liquid
    </legend>
    <span
      className="LiquidSection__StLiquidInputs-x68rdr-0 dcIfbi"
    >
      <div>
        <h3
          className="Texts__H3-teybz3-1 iRQgzB"
        >
          Standard gases
        </h3>
        <div
          className="LiquidSection__StLiquidInput-x68rdr-1 cTiNfU"
          style={Object {}}
        >
          <div
            style={
              Object {
                "display": "flex",
                "flexWrap": "wrap",
                "justifyContent": "space-between",
              }
            }
          >
            <label
              className="Inputs__StLabel-dfit48-1 fWudmg"
              htmlFor="liquid-nitrogen"
            >
              <span>
                nitrogen
              </span>
            </label>
            <input
              className="Inputs__StInput-dfit48-2 Inputs__StNumberInput-dfit48-5 BTmgF"
              id="liquid-nitrogen"
              onBlur={[Function]}
              onChange={[Function]}
              onKeyUp={[Function]}
              placeholder="nitrogen"
              required={false}
              step="0.01"
              type="number"
              value={5}
            />
          </div>
        </div>
      </div>
      <div
        style={
          Object {
            "flexGrow": 1,
            "height": "100%",
          }
        }
      >
        <h3
          className="Texts__H3-teybz3-1 iRQgzB"
        >
          Light hydrocarbons
        </h3>
        <div
          className="LiquidSection__StMatrixContainer-x68rdr-2 cHibXw"
        >
          <div
            className="LiquidSection__StLiquidInput-x68rdr-1 cTiNfU"
            style={Object {}}
          >
            <div
              style={
                Object {
                  "display": "flex",
                  "flexWrap": "wrap",
                  "justifyContent": "space-between",
                }
              }
            >
              <label
                className="Inputs__StLabel-dfit48-1 fWudmg"
                htmlFor="liquid-methane"
              >
                <span>
                  methane
                </span>
              </label>
              <input
                className="Inputs__StInput-dfit48-2 Inputs__StNumberInput-dfit48-5 BTmgF"
                id="liquid-methane"
                onBlur={[Function]}
                onChange={[Function]}
                onKeyUp={[Function]}
                placeholder="methane"
                required={false}
                step="0.01"
                type="number"
                value={5}
              />
            </div>
          </div>
          <div
            className="LiquidSection__StLiquidInput-x68rdr-1 cTiNfU"
            style={Object {}}
          >
            <div
              style={
                Object {
                  "display": "flex",
                  "flexWrap": "wrap",
                  "justifyContent": "space-between",
                }
              }
            >
              <label
                className="Inputs__StLabel-dfit48-1 fWudmg"
                htmlFor="liquid-ethane"
              >
                <span>
                  ethane
                </span>
              </label>
              <input
                className="Inputs__StInput-dfit48-2 Inputs__StNumberInput-dfit48-5 BTmgF"
                id="liquid-ethane"
                onBlur={[Function]}
                onChange={[Function]}
                onKeyUp={[Function]}
                placeholder="ethane"
                required={false}
                step="0.01"
                type="number"
                value={5}
              />
            </div>
          </div>
          <div
            className="LiquidSection__StLiquidInput-x68rdr-1 cTiNfU"
            style={
              Object {
                "marginBottom": "0px",
              }
            }
          >
            <div
              style={
                Object {
                  "display": "flex",
                  "flexWrap": "wrap",
                  "justifyContent": "space-between",
                }
              }
            >
              <label
                className="Inputs__StLabel-dfit48-1 fWudmg"
                htmlFor="liquid-propane"
              >
                <span>
                  propane
                </span>
              </label>
              <input
                className="Inputs__StInput-dfit48-2 Inputs__StNumberInput-dfit48-5 BTmgF"
                id="liquid-propane"
                onBlur={[Function]}
                onChange={[Function]}
                onKeyUp={[Function]}
                placeholder="propane"
                required={false}
                step="0.01"
                type="number"
                value={5}
              />
            </div>
          </div>
          <div
            className="LiquidSection__StLiquidInput-x68rdr-1 cTiNfU"
            style={Object {}}
          >
            <div
              style={
                Object {
                  "display": "flex",
                  "flexWrap": "wrap",
                  "justifyContent": "space-between",
                }
              }
            >
              <label
                className="Inputs__StLabel-dfit48-1 fWudmg"
                htmlFor="liquid-iButane"
              >
                <span>
                  iButane
                </span>
              </label>
              <input
                className="Inputs__StInput-dfit48-2 Inputs__StNumberInput-dfit48-5 BTmgF"
                id="liquid-iButane"
                onBlur={[Function]}
                onChange={[Function]}
                onKeyUp={[Function]}
                placeholder="iButane"
                required={false}
                step="0.01"
                type="number"
                value={5}
              />
            </div>
          </div>
          <div
            className="LiquidSection__StLiquidInput-x68rdr-1 cTiNfU"
            style={Object {}}
          >
            <div
              style={
                Object {
                  "display": "flex",
                  "flexWrap": "wrap",
                  "justifyContent": "space-between",
                }
              }
            >
              <label
                className="Inputs__StLabel-dfit48-1 fWudmg"
                htmlFor="liquid-nButane"
              >
                <span>
                  nButane
                </span>
              </label>
              <input
                className="Inputs__StInput-dfit48-2 Inputs__StNumberInput-dfit48-5 BTmgF"
                id="liquid-nButane"
                onBlur={[Function]}
                onChange={[Function]}
                onKeyUp={[Function]}
                placeholder="nButane"
                required={false}
                step="0.01"
                type="number"
                value={5}
              />
            </div>
          </div>
          <div
            className="LiquidSection__StLiquidInput-x68rdr-1 cTiNfU"
            style={
              Object {
                "marginBottom": "0px",
              }
            }
          >
            <div
              style={
                Object {
                  "display": "flex",
                  "flexWrap": "wrap",
                  "justifyContent": "space-between",
                }
              }
            >
              <label
                className="Inputs__StLabel-dfit48-1 fWudmg"
                htmlFor="liquid-iPentane"
              >
                <span>
                  iPentane
                </span>
              </label>
              <input
                className="Inputs__StInput-dfit48-2 Inputs__StNumberInput-dfit48-5 BTmgF"
                id="liquid-iPentane"
                onBlur={[Function]}
                onChange={[Function]}
                onKeyUp={[Function]}
                placeholder="iPentane"
                required={false}
                step="0.01"
                type="number"
                value={5}
              />
            </div>
          </div>
          <div
            className="LiquidSection__StLiquidInput-x68rdr-1 cTiNfU"
            style={Object {}}
          >
            <div
              style={
                Object {
                  "display": "flex",
                  "flexWrap": "wrap",
                  "justifyContent": "space-between",
                }
              }
            >
              <label
                className="Inputs__StLabel-dfit48-1 fWudmg"
                htmlFor="liquid-nPentane"
              >
                <span>
                  nPentane
                </span>
              </label>
              <input
                className="Inputs__StInput-dfit48-2 Inputs__StNumberInput-dfit48-5 BTmgF"
                id="liquid-nPentane"
                onBlur={[Function]}
                onChange={[Function]}
                onKeyUp={[Function]}
                placeholder="nPentane"
                required={false}
                step="0.01"
                type="number"
                value={5}
              />
            </div>
          </div>
          <div
            className="LiquidSection__StLiquidInput-x68rdr-1 cTiNfU"
            style={Object {}}
          >
            <div
              style={
                Object {
                  "display": "flex",
                  "flexWrap": "wrap",
                  "justifyContent": "space-between",
                }
              }
            >
              <label
                className="Inputs__StLabel-dfit48-1 fWudmg"
                htmlFor="liquid-nHexane"
              >
                <span>
                  nHexane
                </span>
              </label>
              <input
                className="Inputs__StInput-dfit48-2 Inputs__StNumberInput-dfit48-5 BTmgF"
                id="liquid-nHexane"
                onBlur={[Function]}
                onChange={[Function]}
                onKeyUp={[Function]}
                placeholder="nHexane"
                required={false}
                step="0.01"
                type="number"
                value={5}
              />
            </div>
          </div>
        </div>
      </div>
    </span>
  </fieldset>
</div>
`;
